// Jest Snapshot v1, https://goo.gl/fbAQLP

exports[`Should render Sorting 1`] = `
<form
  action=""
  className="places__sorting"
  method=""
>
  <span
    className="places__sorting-caption"
  >
    Sort by
  </span>
  <span
    className="places__sorting-type"
    onClick={[Function]}
    tabIndex="0"
  >
    Popular
    <svg
      className="places__sorting-arrow"
      height="4"
      width="7"
    >
      <use
        xlinkHref="#icon-arrow-select"
      />
    </svg>
  </span>
  <ul
    className="places__options places__options--custom places__options--opened"
    onClick={[Function]}
  >
    <li
      className="places__option places__option--active"
      id="popular"
      tabIndex="0"
    >
      Popular
    </li>
    <li
      className="places__option"
      id="low-price"
      tabIndex="0"
    >
      Price: low to high
    </li>
    <li
      className="places__option"
      id="high-price"
      tabIndex="0"
    >
      Price: high to low
    </li>
    <li
      className="places__option"
      id="top-rated"
      tabIndex="0"
    >
      Top rated first
    </li>
  </ul>
</form>
`;
