// Jest Snapshot v1, https://goo.gl/fbAQLP

exports[`Should render Detailed Info Screen 1`] = `null`;
