// Jest Snapshot v1, https://goo.gl/fbAQLP

exports[`Should render Map 1`] = `
<div
  style={
    Object {
      "height": "600px",
    }
  }
/>
`;
