// Jest Snapshot v1, https://goo.gl/fbAQLP

exports[`Should render link user 1`] = `
<a
  className="header__nav-link header__nav-link--profile"
  href="#"
>
  <div
    className="header__avatar-wrapper user__avatar-wrapper"
  />
  <span
    className="header__user-name user__name"
  >
    email
  </span>
</a>
`;
