// Jest Snapshot v1, https://goo.gl/fbAQLP

exports[`Should render Location Lis 1`] = `
<ul
  className="locations__list tabs__list"
>
  <li
    className="locations__item"
    onClick={[Function]}
  >
    <a
      className="locations__item-link tabs__item tabs__item--active"
      href="#"
    >
      <span>
        City
      </span>
    </a>
  </li>
</ul>
`;
