// Jest Snapshot v1, https://goo.gl/fbAQLP

exports[`Should render Place Gallery 1`] = `
<div
  className="property__gallery"
>
  <div
    className="property__image-wrapper"
  >
    <img
      alt="Photo studio"
      className="property__image"
      src="path"
    />
  </div>
  <div
    className="property__image-wrapper"
  >
    <img
      alt="Photo studio"
      className="property__image"
      src="path"
    />
  </div>
</div>
`;
