// Jest Snapshot v1, https://goo.gl/fbAQLP

exports[`Should render Location 1`] = `
<li
  className="locations__item"
  onClick={[Function]}
>
  <a
    className="locations__item-link tabs__item"
    href="#"
  >
    <span>
      City
    </span>
  </a>
</li>
`;
